[34mI2CE: I2CE->raiseError (/var/lib/iHRIS/dev/4.3.3/i2ce/modules/Forms/modules/CachedForms/lib/I2CE_CachedForm.php:526)
I2CE_CachedForm->fastPopulate (/var/lib/iHRIS/dev/4.3.3/i2ce/modules/Forms/modules/CachedForms/lib/I2CE_CachedForm.php:395)
I2CE_CachedForm->updateCachedTable (/var/lib/iHRIS/dev/4.3.3/i2ce/modules/Forms/modules/CachedForms/lib/I2CE_Module_CachedForms.php:126)
I2CE_Module_CachedForms->markFormDirty_hook
call_user_func_array (/var/lib/iHRIS/dev/4.3.3/i2ce/lib/I2CE_ModuleFactory.php:784)
I2CE_ModuleFactory->callHooks (/var/lib/iHRIS/dev/4.3.3/i2ce/modules/Forms/modules/FormStorage/lib/I2CE_FormStorage.php:1755)
I2CE_FormStorage->_save (/var/lib/iHRIS/dev/4.3.3/i2ce/modules/Forms/modules/FormStorage/lib/I2CE_FormStorage.php:1720)
I2CE_FormStorage->save
call_user_func_array (/var/lib/iHRIS/dev/4.3.3/i2ce/lib/I2CE_Fuzzy.php:60)
I2CE_Fuzzy->__call (/var/lib/iHRIS/dev/4.3.3/ihris-common/modules/CSD/modules/CSDCache/lib/iHRIS_Module_CSDCache.php:249)
iHRIS_Facility->save (/var/lib/iHRIS/dev/4.3.3/ihris-common/modules/CSD/modules/CSDCache/lib/iHRIS_Module_CSDCache.php:249)
iHRIS_Module_CSDCache->form_post_save (/var/lib/iHRIS/dev/4.3.3/ihris-common/modules/CSD/modules/CSDCache/modules/CSDFacility/lib/iHRIS_Module_CSDFacility.php:79)
iHRIS_Module_CSDFacility->form_post_save_facility
call_user_func_array (/var/lib/iHRIS/dev/4.3.3/i2ce/lib/I2CE_ModuleFactory.php:784)
I2CE_ModuleFactory->callHooks (/var/lib/iHRIS/dev/4.3.3/i2ce/modules/Forms/modules/FormStorage/lib/I2CE_FormStorage.php:1754)
I2CE_FormStorage->_save (/var/lib/iHRIS/dev/4.3.3/i2ce/modules/Forms/modules/FormStorage/lib/I2CE_FormStorage.php:1720)
I2CE_FormStorage->save
call_user_func_array (/var/lib/iHRIS/dev/4.3.3/i2ce/lib/I2CE_Fuzzy.php:60)
I2CE_Fuzzy->__call (/var/lib/iHRIS/dev/sites/Uganda-community-health-worker-registry-demo/mapDHIS2toiHRIS.php:90)
iHRIS_Facility->save (/var/lib/iHRIS/dev/sites/Uganda-community-health-worker-registry-demo/mapDHIS2toiHRIS.php:90):[0m
	[32mFast Populate Query:INSERT INTO `chwrdemo`.`hippo_facility`(id,parent,`last_modified`,created,`i2ce_hidden`,`remap`,`location`,`name`,`code`,`csd_uuid`,`dhis_orgunit`,`facility_type`,`latitude`,`longitude`) (SELECT  concat('facility|',id) as id, parent , IFNULL(`last_modified`,'1900-01-01 00:00:00') as `last_modified`, IFNULL(`created`,'0000-00-00 00:00:00') as `created`, IFNULL(`i2ce_hidden`, ?) as `i2ce_hidden`,IFNULL(`remap`, ?) as `remap`,IFNULL(`location`, ?) as `location`,IFNULL(`name`, ?) as `name`,IFNULL(`code`, ?) as `code`,IFNULL(`csd_uuid`, ?) as `csd_uuid`,IFNULL(`dhis_orgunit`, ?) as `dhis_orgunit`,IFNULL(`facility_type`, ?) as `facility_type`,IFNULL(`latitude`, ?) as `latitude`,IFNULL(`longitude`, ?) as `longitude` FROM (SELECT c.name as `id`,`joined_created`.value as `created`,`joined_i2ce_hidden`.value as `i2ce_hidden`,`joined_remap`.value as `remap`,`joined_location`.value as `location`,`joined_name`.value as `name`,`joined_code`.value as `code`,`joined_csd_uuid`.value as `csd_uuid`,`joined_dhis_orgunit`.value as `dhis_orgunit`,`joined_facility_type`.value as `facility_type`,`joined_latitude`.value as `latitude`,`joined_longitude`.value as `longitude`,`joined_parent`.value as `parent`,modified.value AS `last_modified` FROM config_alt c LEFT JOIN config_alt `joined_created` ON `joined_created`.parent= CONCAT(c.parent, '/' , c.name , '/fields')  AND `joined_created`.name = 'created' LEFT JOIN config_alt `joined_i2ce_hidden` ON `joined_i2ce_hidden`.parent= CONCAT(c.parent, '/' , c.name , '/fields')  AND `joined_i2ce_hidden`.name = 'i2ce_hidden' LEFT JOIN config_alt `joined_remap` ON `joined_remap`.parent= CONCAT(c.parent, '/' , c.name , '/fields')  AND `joined_remap`.name = 'remap' LEFT JOIN config_alt `joined_location` ON `joined_location`.parent= CONCAT(c.parent, '/' , c.name , '/fields')  AND `joined_location`.name = 'location' LEFT JOIN config_alt `joined_name` ON `joined_name`.parent= CONCAT(c.parent, '/' , c.name , '/fields')  AND `joined_name`.name = 'name' LEFT JOIN config_alt `joined_code` ON `joined_code`.parent= CONCAT(c.parent, '/' , c.name , '/fields')  AND `joined_code`.name = 'code' LEFT JOIN config_alt `joined_csd_uuid` ON `joined_csd_uuid`.parent= CONCAT(c.parent, '/' , c.name , '/fields')  AND `joined_csd_uuid`.name = 'csd_uuid' LEFT JOIN config_alt `joined_dhis_orgunit` ON `joined_dhis_orgunit`.parent= CONCAT(c.parent, '/' , c.name , '/fields')  AND `joined_dhis_orgunit`.name = 'dhis_orgunit' LEFT JOIN config_alt `joined_facility_type` ON `joined_facility_type`.parent= CONCAT(c.parent, '/' , c.name , '/fields')  AND `joined_facility_type`.name = 'facility_type' LEFT JOIN config_alt `joined_latitude` ON `joined_latitude`.parent= CONCAT(c.parent, '/' , c.name , '/fields')  AND `joined_latitude`.name = 'latitude' LEFT JOIN config_alt `joined_longitude` ON `joined_longitude`.parent= CONCAT(c.parent, '/' , c.name , '/fields')  AND `joined_longitude`.name = 'longitude' LEFT JOIN config_alt `joined_parent` ON `joined_parent`.parent = CONCAT(c.parent,'/',c.name) and `joined_parent`.name = 'parent' LEFT JOIN config_alt modified ON modified.parent = CONCAT(c.parent ,'/',c.name) AND modified.name = 'last_modified'  WHERE (c.parent = '/I2CE/formsData/forms/facility' AND c.name = '1' AND (modified.value IS NULL  OR STR_TO_DATE(modified.value,'%Y-%m-%d %H:%i:%s') > STR_TO_DATE('1970-01-01 03:00:00','%Y-%m-%d %H:%i:%s')))) AS cached_table WHERE cached_table.id = '1') ON DUPLICATE KEY UPDATE `i2ce_hidden`=values(`i2ce_hidden`),`remap`=values(`remap`),`location`=values(`location`),`name`=values(`name`),`code`=values(`code`),`csd_uuid`=values(`csd_uuid`),`dhis_orgunit`=values(`dhis_orgunit`),`facility_type`=values(`facility_type`),`latitude`=values(`latitude`),`longitude`=values(`longitude`),`id`=values(`id`),`parent`=values(`parent`),`last_modified`=values(`last_modified`)
	[0m
[34mI2CE: I2CE->raiseError (/var/lib/iHRIS/dev/4.3.3/i2ce/modules/Forms/modules/CachedForms/lib/I2CE_CachedForm.php:531)
I2CE_CachedForm->fastPopulate (/var/lib/iHRIS/dev/4.3.3/i2ce/modules/Forms/modules/CachedForms/lib/I2CE_CachedForm.php:395)
I2CE_CachedForm->updateCachedTable (/var/lib/iHRIS/dev/4.3.3/i2ce/modules/Forms/modules/CachedForms/lib/I2CE_Module_CachedForms.php:126)
I2CE_Module_CachedForms->markFormDirty_hook
call_user_func_array (/var/lib/iHRIS/dev/4.3.3/i2ce/lib/I2CE_ModuleFactory.php:784)
I2CE_ModuleFactory->callHooks (/var/lib/iHRIS/dev/4.3.3/i2ce/modules/Forms/modules/FormStorage/lib/I2CE_FormStorage.php:1755)
I2CE_FormStorage->_save (/var/lib/iHRIS/dev/4.3.3/i2ce/modules/Forms/modules/FormStorage/lib/I2CE_FormStorage.php:1720)
I2CE_FormStorage->save
call_user_func_array (/var/lib/iHRIS/dev/4.3.3/i2ce/lib/I2CE_Fuzzy.php:60)
I2CE_Fuzzy->__call (/var/lib/iHRIS/dev/4.3.3/ihris-common/modules/CSD/modules/CSDCache/lib/iHRIS_Module_CSDCache.php:249)
iHRIS_Facility->save (/var/lib/iHRIS/dev/4.3.3/ihris-common/modules/CSD/modules/CSDCache/lib/iHRIS_Module_CSDCache.php:249)
iHRIS_Module_CSDCache->form_post_save (/var/lib/iHRIS/dev/4.3.3/ihris-common/modules/CSD/modules/CSDCache/modules/CSDFacility/lib/iHRIS_Module_CSDFacility.php:79)
iHRIS_Module_CSDFacility->form_post_save_facility
call_user_func_array (/var/lib/iHRIS/dev/4.3.3/i2ce/lib/I2CE_ModuleFactory.php:784)
I2CE_ModuleFactory->callHooks (/var/lib/iHRIS/dev/4.3.3/i2ce/modules/Forms/modules/FormStorage/lib/I2CE_FormStorage.php:1754)
I2CE_FormStorage->_save (/var/lib/iHRIS/dev/4.3.3/i2ce/modules/Forms/modules/FormStorage/lib/I2CE_FormStorage.php:1720)
I2CE_FormStorage->save
call_user_func_array (/var/lib/iHRIS/dev/4.3.3/i2ce/lib/I2CE_Fuzzy.php:60)
I2CE_Fuzzy->__call (/var/lib/iHRIS/dev/sites/Uganda-community-health-worker-registry-demo/mapDHIS2toiHRIS.php:90)
iHRIS_Facility->save (/var/lib/iHRIS/dev/sites/Uganda-community-health-worker-registry-demo/mapDHIS2toiHRIS.php:90):[0m
	[32mUpdated 1 records for facility (1)[0m
[34mI2CE: I2CE->raiseError (/var/lib/iHRIS/dev/4.3.3/i2ce/modules/Forms/modules/CachedForms/lib/I2CE_CachedForm.php:526)
I2CE_CachedForm->fastPopulate (/var/lib/iHRIS/dev/4.3.3/i2ce/modules/Forms/modules/CachedForms/lib/I2CE_CachedForm.php:395)
I2CE_CachedForm->updateCachedTable (/var/lib/iHRIS/dev/4.3.3/i2ce/modules/Forms/modules/CachedForms/lib/I2CE_Module_CachedForms.php:126)
I2CE_Module_CachedForms->markFormDirty_hook
call_user_func_array (/var/lib/iHRIS/dev/4.3.3/i2ce/lib/I2CE_ModuleFactory.php:784)
I2CE_ModuleFactory->callHooks (/var/lib/iHRIS/dev/4.3.3/i2ce/modules/Forms/modules/FormStorage/lib/I2CE_FormStorage.php:1755)
I2CE_FormStorage->_save (/var/lib/iHRIS/dev/4.3.3/i2ce/modules/Forms/modules/FormStorage/lib/I2CE_FormStorage.php:1720)
I2CE_FormStorage->save
call_user_func_array (/var/lib/iHRIS/dev/4.3.3/i2ce/lib/I2CE_Fuzzy.php:60)
I2CE_Fuzzy->__call (/var/lib/iHRIS/dev/sites/Uganda-community-health-worker-registry-demo/mapDHIS2toiHRIS.php:90)
iHRIS_Facility->save (/var/lib/iHRIS/dev/sites/Uganda-community-health-worker-registry-demo/mapDHIS2toiHRIS.php:90):[0m
	[32mFast Populate Query:INSERT INTO `chwrdemo`.`hippo_facility`(id,parent,`last_modified`,created,`i2ce_hidden`,`remap`,`location`,`name`,`code`,`csd_uuid`,`dhis_orgunit`,`facility_type`,`latitude`,`longitude`) (SELECT  concat('facility|',id) as id, parent , IFNULL(`last_modified`,'1900-01-01 00:00:00') as `last_modified`, IFNULL(`created`,'0000-00-00 00:00:00') as `created`, IFNULL(`i2ce_hidden`, ?) as `i2ce_hidden`,IFNULL(`remap`, ?) as `remap`,IFNULL(`location`, ?) as `location`,IFNULL(`name`, ?) as `name`,IFNULL(`code`, ?) as `code`,IFNULL(`csd_uuid`, ?) as `csd_uuid`,IFNULL(`dhis_orgunit`, ?) as `dhis_orgunit`,IFNULL(`facility_type`, ?) as `facility_type`,IFNULL(`latitude`, ?) as `latitude`,IFNULL(`longitude`, ?) as `longitude` FROM (SELECT c.name as `id`,`joined_created`.value as `created`,`joined_i2ce_hidden`.value as `i2ce_hidden`,`joined_remap`.value as `remap`,`joined_location`.value as `location`,`joined_name`.value as `name`,`joined_code`.value as `code`,`joined_csd_uuid`.value as `csd_uuid`,`joined_dhis_orgunit`.value as `dhis_orgunit`,`joined_facility_type`.value as `facility_type`,`joined_latitude`.value as `latitude`,`joined_longitude`.value as `longitude`,`joined_parent`.value as `parent`,modified.value AS `last_modified` FROM config_alt c LEFT JOIN config_alt `joined_created` ON `joined_created`.parent= CONCAT(c.parent, '/' , c.name , '/fields')  AND `joined_created`.name = 'created' LEFT JOIN config_alt `joined_i2ce_hidden` ON `joined_i2ce_hidden`.parent= CONCAT(c.parent, '/' , c.name , '/fields')  AND `joined_i2ce_hidden`.name = 'i2ce_hidden' LEFT JOIN config_alt `joined_remap` ON `joined_remap`.parent= CONCAT(c.parent, '/' , c.name , '/fields')  AND `joined_remap`.name = 'remap' LEFT JOIN config_alt `joined_location` ON `joined_location`.parent= CONCAT(c.parent, '/' , c.name , '/fields')  AND `joined_location`.name = 'location' LEFT JOIN config_alt `joined_name` ON `joined_name`.parent= CONCAT(c.parent, '/' , c.name , '/fields')  AND `joined_name`.name = 'name' LEFT JOIN config_alt `joined_code` ON `joined_code`.parent= CONCAT(c.parent, '/' , c.name , '/fields')  AND `joined_code`.name = 'code' LEFT JOIN config_alt `joined_csd_uuid` ON `joined_csd_uuid`.parent= CONCAT(c.parent, '/' , c.name , '/fields')  AND `joined_csd_uuid`.name = 'csd_uuid' LEFT JOIN config_alt `joined_dhis_orgunit` ON `joined_dhis_orgunit`.parent= CONCAT(c.parent, '/' , c.name , '/fields')  AND `joined_dhis_orgunit`.name = 'dhis_orgunit' LEFT JOIN config_alt `joined_facility_type` ON `joined_facility_type`.parent= CONCAT(c.parent, '/' , c.name , '/fields')  AND `joined_facility_type`.name = 'facility_type' LEFT JOIN config_alt `joined_latitude` ON `joined_latitude`.parent= CONCAT(c.parent, '/' , c.name , '/fields')  AND `joined_latitude`.name = 'latitude' LEFT JOIN config_alt `joined_longitude` ON `joined_longitude`.parent= CONCAT(c.parent, '/' , c.name , '/fields')  AND `joined_longitude`.name = 'longitude' LEFT JOIN config_alt `joined_parent` ON `joined_parent`.parent = CONCAT(c.parent,'/',c.name) and `joined_parent`.name = 'parent' LEFT JOIN config_alt modified ON modified.parent = CONCAT(c.parent ,'/',c.name) AND modified.name = 'last_modified'  WHERE (c.parent = '/I2CE/formsData/forms/facility' AND c.name = '1' AND (modified.value IS NULL  OR STR_TO_DATE(modified.value,'%Y-%m-%d %H:%i:%s') > STR_TO_DATE('1970-01-01 03:00:00','%Y-%m-%d %H:%i:%s')))) AS cached_table WHERE cached_table.id = '1') ON DUPLICATE KEY UPDATE `i2ce_hidden`=values(`i2ce_hidden`),`remap`=values(`remap`),`location`=values(`location`),`name`=values(`name`),`code`=values(`code`),`csd_uuid`=values(`csd_uuid`),`dhis_orgunit`=values(`dhis_orgunit`),`facility_type`=values(`facility_type`),`latitude`=values(`latitude`),`longitude`=values(`longitude`),`id`=values(`id`),`parent`=values(`parent`),`last_modified`=values(`last_modified`)
	[0m
[34mI2CE: I2CE->raiseError (/var/lib/iHRIS/dev/4.3.3/i2ce/modules/Forms/modules/CachedForms/lib/I2CE_CachedForm.php:531)
I2CE_CachedForm->fastPopulate (/var/lib/iHRIS/dev/4.3.3/i2ce/modules/Forms/modules/CachedForms/lib/I2CE_CachedForm.php:395)
I2CE_CachedForm->updateCachedTable (/var/lib/iHRIS/dev/4.3.3/i2ce/modules/Forms/modules/CachedForms/lib/I2CE_Module_CachedForms.php:126)
I2CE_Module_CachedForms->markFormDirty_hook
call_user_func_array (/var/lib/iHRIS/dev/4.3.3/i2ce/lib/I2CE_ModuleFactory.php:784)
I2CE_ModuleFactory->callHooks (/var/lib/iHRIS/dev/4.3.3/i2ce/modules/Forms/modules/FormStorage/lib/I2CE_FormStorage.php:1755)
I2CE_FormStorage->_save (/var/lib/iHRIS/dev/4.3.3/i2ce/modules/Forms/modules/FormStorage/lib/I2CE_FormStorage.php:1720)
I2CE_FormStorage->save
call_user_func_array (/var/lib/iHRIS/dev/4.3.3/i2ce/lib/I2CE_Fuzzy.php:60)
I2CE_Fuzzy->__call (/var/lib/iHRIS/dev/sites/Uganda-community-health-worker-registry-demo/mapDHIS2toiHRIS.php:90)
iHRIS_Facility->save (/var/lib/iHRIS/dev/sites/Uganda-community-health-worker-registry-demo/mapDHIS2toiHRIS.php:90):[0m
	[32mUpdated 1 records for facility (1)[0m
[34mI2CE: I2CE->raiseError (/var/lib/iHRIS/dev/4.3.3/i2ce/modules/Forms/modules/CachedForms/lib/I2CE_CachedForm.php:526)
I2CE_CachedForm->fastPopulate (/var/lib/iHRIS/dev/4.3.3/i2ce/modules/Forms/modules/CachedForms/lib/I2CE_CachedForm.php:395)
I2CE_CachedForm->updateCachedTable (/var/lib/iHRIS/dev/4.3.3/i2ce/modules/Forms/modules/CachedForms/lib/I2CE_Module_CachedForms.php:126)
I2CE_Module_CachedForms->markFormDirty_hook
call_user_func_array (/var/lib/iHRIS/dev/4.3.3/i2ce/lib/I2CE_ModuleFactory.php:784)
I2CE_ModuleFactory->callHooks (/var/lib/iHRIS/dev/4.3.3/i2ce/modules/Forms/modules/FormStorage/lib/I2CE_FormStorage.php:1755)
I2CE_FormStorage->_save (/var/lib/iHRIS/dev/4.3.3/i2ce/modules/Forms/modules/FormStorage/lib/I2CE_FormStorage.php:1720)
I2CE_FormStorage->save
call_user_func_array (/var/lib/iHRIS/dev/4.3.3/i2ce/lib/I2CE_Fuzzy.php:60)
I2CE_Fuzzy->__call (/var/lib/iHRIS/dev/4.3.3/ihris-common/modules/CSD/modules/CSDCache/lib/iHRIS_Module_CSDCache.php:249)
iHRIS_Facility->save (/var/lib/iHRIS/dev/4.3.3/ihris-common/modules/CSD/modules/CSDCache/lib/iHRIS_Module_CSDCache.php:249)
iHRIS_Module_CSDCache->form_post_save (/var/lib/iHRIS/dev/4.3.3/ihris-common/modules/CSD/modules/CSDCache/modules/CSDFacility/lib/iHRIS_Module_CSDFacility.php:79)
iHRIS_Module_CSDFacility->form_post_save_facility
call_user_func_array (/var/lib/iHRIS/dev/4.3.3/i2ce/lib/I2CE_ModuleFactory.php:784)
I2CE_ModuleFactory->callHooks (/var/lib/iHRIS/dev/4.3.3/i2ce/modules/Forms/modules/FormStorage/lib/I2CE_FormStorage.php:1754)
I2CE_FormStorage->_save (/var/lib/iHRIS/dev/4.3.3/i2ce/modules/Forms/modules/FormStorage/lib/I2CE_FormStorage.php:1720)
I2CE_FormStorage->save
call_user_func_array (/var/lib/iHRIS/dev/4.3.3/i2ce/lib/I2CE_Fuzzy.php:60)
I2CE_Fuzzy->__call (/var/lib/iHRIS/dev/sites/Uganda-community-health-worker-registry-demo/mapDHIS2toiHRIS.php:90)
iHRIS_Facility->save (/var/lib/iHRIS/dev/sites/Uganda-community-health-worker-registry-demo/mapDHIS2toiHRIS.php:90):[0m
	[32mFast Populate Query:INSERT INTO `chwrdemo`.`hippo_facility`(id,parent,`last_modified`,created,`i2ce_hidden`,`remap`,`location`,`name`,`code`,`csd_uuid`,`dhis_orgunit`,`facility_type`,`latitude`,`longitude`) (SELECT  concat('facility|',id) as id, parent , IFNULL(`last_modified`,'1900-01-01 00:00:00') as `last_modified`, IFNULL(`created`,'0000-00-00 00:00:00') as `created`, IFNULL(`i2ce_hidden`, ?) as `i2ce_hidden`,IFNULL(`remap`, ?) as `remap`,IFNULL(`location`, ?) as `location`,IFNULL(`name`, ?) as `name`,IFNULL(`code`, ?) as `code`,IFNULL(`csd_uuid`, ?) as `csd_uuid`,IFNULL(`dhis_orgunit`, ?) as `dhis_orgunit`,IFNULL(`facility_type`, ?) as `facility_type`,IFNULL(`latitude`, ?) as `latitude`,IFNULL(`longitude`, ?) as `longitude` FROM (SELECT c.name as `id`,`joined_created`.value as `created`,`joined_i2ce_hidden`.value as `i2ce_hidden`,`joined_remap`.value as `remap`,`joined_location`.value as `location`,`joined_name`.value as `name`,`joined_code`.value as `code`,`joined_csd_uuid`.value as `csd_uuid`,`joined_dhis_orgunit`.value as `dhis_orgunit`,`joined_facility_type`.value as `facility_type`,`joined_latitude`.value as `latitude`,`joined_longitude`.value as `longitude`,`joined_parent`.value as `parent`,modified.value AS `last_modified` FROM config_alt c LEFT JOIN config_alt `joined_created` ON `joined_created`.parent= CONCAT(c.parent, '/' , c.name , '/fields')  AND `joined_created`.name = 'created' LEFT JOIN config_alt `joined_i2ce_hidden` ON `joined_i2ce_hidden`.parent= CONCAT(c.parent, '/' , c.name , '/fields')  AND `joined_i2ce_hidden`.name = 'i2ce_hidden' LEFT JOIN config_alt `joined_remap` ON `joined_remap`.parent= CONCAT(c.parent, '/' , c.name , '/fields')  AND `joined_remap`.name = 'remap' LEFT JOIN config_alt `joined_location` ON `joined_location`.parent= CONCAT(c.parent, '/' , c.name , '/fields')  AND `joined_location`.name = 'location' LEFT JOIN config_alt `joined_name` ON `joined_name`.parent= CONCAT(c.parent, '/' , c.name , '/fields')  AND `joined_name`.name = 'name' LEFT JOIN config_alt `joined_code` ON `joined_code`.parent= CONCAT(c.parent, '/' , c.name , '/fields')  AND `joined_code`.name = 'code' LEFT JOIN config_alt `joined_csd_uuid` ON `joined_csd_uuid`.parent= CONCAT(c.parent, '/' , c.name , '/fields')  AND `joined_csd_uuid`.name = 'csd_uuid' LEFT JOIN config_alt `joined_dhis_orgunit` ON `joined_dhis_orgunit`.parent= CONCAT(c.parent, '/' , c.name , '/fields')  AND `joined_dhis_orgunit`.name = 'dhis_orgunit' LEFT JOIN config_alt `joined_facility_type` ON `joined_facility_type`.parent= CONCAT(c.parent, '/' , c.name , '/fields')  AND `joined_facility_type`.name = 'facility_type' LEFT JOIN config_alt `joined_latitude` ON `joined_latitude`.parent= CONCAT(c.parent, '/' , c.name , '/fields')  AND `joined_latitude`.name = 'latitude' LEFT JOIN config_alt `joined_longitude` ON `joined_longitude`.parent= CONCAT(c.parent, '/' , c.name , '/fields')  AND `joined_longitude`.name = 'longitude' LEFT JOIN config_alt `joined_parent` ON `joined_parent`.parent = CONCAT(c.parent,'/',c.name) and `joined_parent`.name = 'parent' LEFT JOIN config_alt modified ON modified.parent = CONCAT(c.parent ,'/',c.name) AND modified.name = 'last_modified'  WHERE (c.parent = '/I2CE/formsData/forms/facility' AND c.name = '2' AND (modified.value IS NULL  OR STR_TO_DATE(modified.value,'%Y-%m-%d %H:%i:%s') > STR_TO_DATE('1970-01-01 03:00:00','%Y-%m-%d %H:%i:%s')))) AS cached_table WHERE cached_table.id = '2') ON DUPLICATE KEY UPDATE `i2ce_hidden`=values(`i2ce_hidden`),`remap`=values(`remap`),`location`=values(`location`),`name`=values(`name`),`code`=values(`code`),`csd_uuid`=values(`csd_uuid`),`dhis_orgunit`=values(`dhis_orgunit`),`facility_type`=values(`facility_type`),`latitude`=values(`latitude`),`longitude`=values(`longitude`),`id`=values(`id`),`parent`=values(`parent`),`last_modified`=values(`last_modified`)
	[0m
[34mI2CE: I2CE->raiseError (/var/lib/iHRIS/dev/4.3.3/i2ce/modules/Forms/modules/CachedForms/lib/I2CE_CachedForm.php:531)
I2CE_CachedForm->fastPopulate (/var/lib/iHRIS/dev/4.3.3/i2ce/modules/Forms/modules/CachedForms/lib/I2CE_CachedForm.php:395)
I2CE_CachedForm->updateCachedTable (/var/lib/iHRIS/dev/4.3.3/i2ce/modules/Forms/modules/CachedForms/lib/I2CE_Module_CachedForms.php:126)
I2CE_Module_CachedForms->markFormDirty_hook
call_user_func_array (/var/lib/iHRIS/dev/4.3.3/i2ce/lib/I2CE_ModuleFactory.php:784)
I2CE_ModuleFactory->callHooks (/var/lib/iHRIS/dev/4.3.3/i2ce/modules/Forms/modules/FormStorage/lib/I2CE_FormStorage.php:1755)
I2CE_FormStorage->_save (/var/lib/iHRIS/dev/4.3.3/i2ce/modules/Forms/modules/FormStorage/lib/I2CE_FormStorage.php:1720)
I2CE_FormStorage->save
call_user_func_array (/var/lib/iHRIS/dev/4.3.3/i2ce/lib/I2CE_Fuzzy.php:60)
I2CE_Fuzzy->__call (/var/lib/iHRIS/dev/4.3.3/ihris-common/modules/CSD/modules/CSDCache/lib/iHRIS_Module_CSDCache.php:249)
iHRIS_Facility->save (/var/lib/iHRIS/dev/4.3.3/ihris-common/modules/CSD/modules/CSDCache/lib/iHRIS_Module_CSDCache.php:249)
iHRIS_Module_CSDCache->form_post_save (/var/lib/iHRIS/dev/4.3.3/ihris-common/modules/CSD/modules/CSDCache/modules/CSDFacility/lib/iHRIS_Module_CSDFacility.php:79)
iHRIS_Module_CSDFacility->form_post_save_facility
call_user_func_array (/var/lib/iHRIS/dev/4.3.3/i2ce/lib/I2CE_ModuleFactory.php:784)
I2CE_ModuleFactory->callHooks (/var/lib/iHRIS/dev/4.3.3/i2ce/modules/Forms/modules/FormStorage/lib/I2CE_FormStorage.php:1754)
I2CE_FormStorage->_save (/var/lib/iHRIS/dev/4.3.3/i2ce/modules/Forms/modules/FormStorage/lib/I2CE_FormStorage.php:1720)
I2CE_FormStorage->save
call_user_func_array (/var/lib/iHRIS/dev/4.3.3/i2ce/lib/I2CE_Fuzzy.php:60)
I2CE_Fuzzy->__call (/var/lib/iHRIS/dev/sites/Uganda-community-health-worker-registry-demo/mapDHIS2toiHRIS.php:90)
iHRIS_Facility->save (/var/lib/iHRIS/dev/sites/Uganda-community-health-worker-registry-demo/mapDHIS2toiHRIS.php:90):[0m
	[32mUpdated 1 records for facility (2)[0m
[34mI2CE: I2CE->raiseError (/var/lib/iHRIS/dev/4.3.3/i2ce/modules/Forms/modules/CachedForms/lib/I2CE_CachedForm.php:526)
I2CE_CachedForm->fastPopulate (/var/lib/iHRIS/dev/4.3.3/i2ce/modules/Forms/modules/CachedForms/lib/I2CE_CachedForm.php:395)
I2CE_CachedForm->updateCachedTable (/var/lib/iHRIS/dev/4.3.3/i2ce/modules/Forms/modules/CachedForms/lib/I2CE_Module_CachedForms.php:126)
I2CE_Module_CachedForms->markFormDirty_hook
call_user_func_array (/var/lib/iHRIS/dev/4.3.3/i2ce/lib/I2CE_ModuleFactory.php:784)
I2CE_ModuleFactory->callHooks (/var/lib/iHRIS/dev/4.3.3/i2ce/modules/Forms/modules/FormStorage/lib/I2CE_FormStorage.php:1755)
I2CE_FormStorage->_save (/var/lib/iHRIS/dev/4.3.3/i2ce/modules/Forms/modules/FormStorage/lib/I2CE_FormStorage.php:1720)
I2CE_FormStorage->save
call_user_func_array (/var/lib/iHRIS/dev/4.3.3/i2ce/lib/I2CE_Fuzzy.php:60)
I2CE_Fuzzy->__call (/var/lib/iHRIS/dev/sites/Uganda-community-health-worker-registry-demo/mapDHIS2toiHRIS.php:90)
iHRIS_Facility->save (/var/lib/iHRIS/dev/sites/Uganda-community-health-worker-registry-demo/mapDHIS2toiHRIS.php:90):[0m
	[32mFast Populate Query:INSERT INTO `chwrdemo`.`hippo_facility`(id,parent,`last_modified`,created,`i2ce_hidden`,`remap`,`location`,`name`,`code`,`csd_uuid`,`dhis_orgunit`,`facility_type`,`latitude`,`longitude`) (SELECT  concat('facility|',id) as id, parent , IFNULL(`last_modified`,'1900-01-01 00:00:00') as `last_modified`, IFNULL(`created`,'0000-00-00 00:00:00') as `created`, IFNULL(`i2ce_hidden`, ?) as `i2ce_hidden`,IFNULL(`remap`, ?) as `remap`,IFNULL(`location`, ?) as `location`,IFNULL(`name`, ?) as `name`,IFNULL(`code`, ?) as `code`,IFNULL(`csd_uuid`, ?) as `csd_uuid`,IFNULL(`dhis_orgunit`, ?) as `dhis_orgunit`,IFNULL(`facility_type`, ?) as `facility_type`,IFNULL(`latitude`, ?) as `latitude`,IFNULL(`longitude`, ?) as `longitude` FROM (SELECT c.name as `id`,`joined_created`.value as `created`,`joined_i2ce_hidden`.value as `i2ce_hidden`,`joined_remap`.value as `remap`,`joined_location`.value as `location`,`joined_name`.value as `name`,`joined_code`.value as `code`,`joined_csd_uuid`.value as `csd_uuid`,`joined_dhis_orgunit`.value as `dhis_orgunit`,`joined_facility_type`.value as `facility_type`,`joined_latitude`.value as `latitude`,`joined_longitude`.value as `longitude`,`joined_parent`.value as `parent`,modified.value AS `last_modified` FROM config_alt c LEFT JOIN config_alt `joined_created` ON `joined_created`.parent= CONCAT(c.parent, '/' , c.name , '/fields')  AND `joined_created`.name = 'created' LEFT JOIN config_alt `joined_i2ce_hidden` ON `joined_i2ce_hidden`.parent= CONCAT(c.parent, '/' , c.name , '/fields')  AND `joined_i2ce_hidden`.name = 'i2ce_hidden' LEFT JOIN config_alt `joined_remap` ON `joined_remap`.parent= CONCAT(c.parent, '/' , c.name , '/fields')  AND `joined_remap`.name = 'remap' LEFT JOIN config_alt `joined_location` ON `joined_location`.parent= CONCAT(c.parent, '/' , c.name , '/fields')  AND `joined_location`.name = 'location' LEFT JOIN config_alt `joined_name` ON `joined_name`.parent= CONCAT(c.parent, '/' , c.name , '/fields')  AND `joined_name`.name = 'name' LEFT JOIN config_alt `joined_code` ON `joined_code`.parent= CONCAT(c.parent, '/' , c.name , '/fields')  AND `joined_code`.name = 'code' LEFT JOIN config_alt `joined_csd_uuid` ON `joined_csd_uuid`.parent= CONCAT(c.parent, '/' , c.name , '/fields')  AND `joined_csd_uuid`.name = 'csd_uuid' LEFT JOIN config_alt `joined_dhis_orgunit` ON `joined_dhis_orgunit`.parent= CONCAT(c.parent, '/' , c.name , '/fields')  AND `joined_dhis_orgunit`.name = 'dhis_orgunit' LEFT JOIN config_alt `joined_facility_type` ON `joined_facility_type`.parent= CONCAT(c.parent, '/' , c.name , '/fields')  AND `joined_facility_type`.name = 'facility_type' LEFT JOIN config_alt `joined_latitude` ON `joined_latitude`.parent= CONCAT(c.parent, '/' , c.name , '/fields')  AND `joined_latitude`.name = 'latitude' LEFT JOIN config_alt `joined_longitude` ON `joined_longitude`.parent= CONCAT(c.parent, '/' , c.name , '/fields')  AND `joined_longitude`.name = 'longitude' LEFT JOIN config_alt `joined_parent` ON `joined_parent`.parent = CONCAT(c.parent,'/',c.name) and `joined_parent`.name = 'parent' LEFT JOIN config_alt modified ON modified.parent = CONCAT(c.parent ,'/',c.name) AND modified.name = 'last_modified'  WHERE (c.parent = '/I2CE/formsData/forms/facility' AND c.name = '2' AND (modified.value IS NULL  OR STR_TO_DATE(modified.value,'%Y-%m-%d %H:%i:%s') > STR_TO_DATE('1970-01-01 03:00:00','%Y-%m-%d %H:%i:%s')))) AS cached_table WHERE cached_table.id = '2') ON DUPLICATE KEY UPDATE `i2ce_hidden`=values(`i2ce_hidden`),`remap`=values(`remap`),`location`=values(`location`),`name`=values(`name`),`code`=values(`code`),`csd_uuid`=values(`csd_uuid`),`dhis_orgunit`=values(`dhis_orgunit`),`facility_type`=values(`facility_type`),`latitude`=values(`latitude`),`longitude`=values(`longitude`),`id`=values(`id`),`parent`=values(`parent`),`last_modified`=values(`last_modified`)
	[0m
[34mI2CE: I2CE->raiseError (/var/lib/iHRIS/dev/4.3.3/i2ce/modules/Forms/modules/CachedForms/lib/I2CE_CachedForm.php:531)
I2CE_CachedForm->fastPopulate (/var/lib/iHRIS/dev/4.3.3/i2ce/modules/Forms/modules/CachedForms/lib/I2CE_CachedForm.php:395)
I2CE_CachedForm->updateCachedTable (/var/lib/iHRIS/dev/4.3.3/i2ce/modules/Forms/modules/CachedForms/lib/I2CE_Module_CachedForms.php:126)
I2CE_Module_CachedForms->markFormDirty_hook
call_user_func_array (/var/lib/iHRIS/dev/4.3.3/i2ce/lib/I2CE_ModuleFactory.php:784)
I2CE_ModuleFactory->callHooks (/var/lib/iHRIS/dev/4.3.3/i2ce/modules/Forms/modules/FormStorage/lib/I2CE_FormStorage.php:1755)
I2CE_FormStorage->_save (/var/lib/iHRIS/dev/4.3.3/i2ce/modules/Forms/modules/FormStorage/lib/I2CE_FormStorage.php:1720)
I2CE_FormStorage->save
call_user_func_array (/var/lib/iHRIS/dev/4.3.3/i2ce/lib/I2CE_Fuzzy.php:60)
I2CE_Fuzzy->__call (/var/lib/iHRIS/dev/sites/Uganda-community-health-worker-registry-demo/mapDHIS2toiHRIS.php:90)
iHRIS_Facility->save (/var/lib/iHRIS/dev/sites/Uganda-community-health-worker-registry-demo/mapDHIS2toiHRIS.php:90):[0m
	[32mUpdated 1 records for facility (2)[0m
[34mI2CE: I2CE->raiseError (/var/lib/iHRIS/dev/4.3.3/i2ce/modules/Forms/modules/CachedForms/lib/I2CE_CachedForm.php:526)
I2CE_CachedForm->fastPopulate (/var/lib/iHRIS/dev/4.3.3/i2ce/modules/Forms/modules/CachedForms/lib/I2CE_CachedForm.php:395)
I2CE_CachedForm->updateCachedTable (/var/lib/iHRIS/dev/4.3.3/i2ce/modules/Forms/modules/CachedForms/lib/I2CE_Module_CachedForms.php:126)
I2CE_Module_CachedForms->markFormDirty_hook
call_user_func_array (/var/lib/iHRIS/dev/4.3.3/i2ce/lib/I2CE_ModuleFactory.php:784)
I2CE_ModuleFactory->callHooks (/var/lib/iHRIS/dev/4.3.3/i2ce/modules/Forms/modules/FormStorage/lib/I2CE_FormStorage.php:1755)
I2CE_FormStorage->_save (/var/lib/iHRIS/dev/4.3.3/i2ce/modules/Forms/modules/FormStorage/lib/I2CE_FormStorage.php:1720)
I2CE_FormStorage->save
call_user_func_array (/var/lib/iHRIS/dev/4.3.3/i2ce/lib/I2CE_Fuzzy.php:60)
I2CE_Fuzzy->__call (/var/lib/iHRIS/dev/4.3.3/ihris-common/modules/CSD/modules/CSDCache/lib/iHRIS_Module_CSDCache.php:249)
iHRIS_Facility->save (/var/lib/iHRIS/dev/4.3.3/ihris-common/modules/CSD/modules/CSDCache/lib/iHRIS_Module_CSDCache.php:249)
iHRIS_Module_CSDCache->form_post_save (/var/lib/iHRIS/dev/4.3.3/ihris-common/modules/CSD/modules/CSDCache/modules/CSDFacility/lib/iHRIS_Module_CSDFacility.php:79)
iHRIS_Module_CSDFacility->form_post_save_facility
call_user_func_array (/var/lib/iHRIS/dev/4.3.3/i2ce/lib/I2CE_ModuleFactory.php:784)
I2CE_ModuleFactory->callHooks (/var/lib/iHRIS/dev/4.3.3/i2ce/modules/Forms/modules/FormStorage/lib/I2CE_FormStorage.php:1754)
I2CE_FormStorage->_save (/var/lib/iHRIS/dev/4.3.3/i2ce/modules/Forms/modules/FormStorage/lib/I2CE_FormStorage.php:1720)
I2CE_FormStorage->save
call_user_func_array (/var/lib/iHRIS/dev/4.3.3/i2ce/lib/I2CE_Fuzzy.php:60)
I2CE_Fuzzy->__call (/var/lib/iHRIS/dev/sites/Uganda-community-health-worker-registry-demo/mapDHIS2toiHRIS.php:90)
iHRIS_Facility->save (/var/lib/iHRIS/dev/sites/Uganda-community-health-worker-registry-demo/mapDHIS2toiHRIS.php:90):[0m
	[32mFast Populate Query:INSERT INTO `chwrdemo`.`hippo_facility`(id,parent,`last_modified`,created,`i2ce_hidden`,`remap`,`location`,`name`,`code`,`csd_uuid`,`dhis_orgunit`,`facility_type`,`latitude`,`longitude`) (SELECT  concat('facility|',id) as id, parent , IFNULL(`last_modified`,'1900-01-01 00:00:00') as `last_modified`, IFNULL(`created`,'0000-00-00 00:00:00') as `created`, IFNULL(`i2ce_hidden`, ?) as `i2ce_hidden`,IFNULL(`remap`, ?) as `remap`,IFNULL(`location`, ?) as `location`,IFNULL(`name`, ?) as `name`,IFNULL(`code`, ?) as `code`,IFNULL(`csd_uuid`, ?) as `csd_uuid`,IFNULL(`dhis_orgunit`, ?) as `dhis_orgunit`,IFNULL(`facility_type`, ?) as `facility_type`,IFNULL(`latitude`, ?) as `latitude`,IFNULL(`longitude`, ?) as `longitude` FROM (SELECT c.name as `id`,`joined_created`.value as `created`,`joined_i2ce_hidden`.value as `i2ce_hidden`,`joined_remap`.value as `remap`,`joined_location`.value as `location`,`joined_name`.value as `name`,`joined_code`.value as `code`,`joined_csd_uuid`.value as `csd_uuid`,`joined_dhis_orgunit`.value as `dhis_orgunit`,`joined_facility_type`.value as `facility_type`,`joined_latitude`.value as `latitude`,`joined_longitude`.value as `longitude`,`joined_parent`.value as `parent`,modified.value AS `last_modified` FROM config_alt c LEFT JOIN config_alt `joined_created` ON `joined_created`.parent= CONCAT(c.parent, '/' , c.name , '/fields')  AND `joined_created`.name = 'created' LEFT JOIN config_alt `joined_i2ce_hidden` ON `joined_i2ce_hidden`.parent= CONCAT(c.parent, '/' , c.name , '/fields')  AND `joined_i2ce_hidden`.name = 'i2ce_hidden' LEFT JOIN config_alt `joined_remap` ON `joined_remap`.parent= CONCAT(c.parent, '/' , c.name , '/fields')  AND `joined_remap`.name = 'remap' LEFT JOIN config_alt `joined_location` ON `joined_location`.parent= CONCAT(c.parent, '/' , c.name , '/fields')  AND `joined_location`.name = 'location' LEFT JOIN config_alt `joined_name` ON `joined_name`.parent= CONCAT(c.parent, '/' , c.name , '/fields')  AND `joined_name`.name = 'name' LEFT JOIN config_alt `joined_code` ON `joined_code`.parent= CONCAT(c.parent, '/' , c.name , '/fields')  AND `joined_code`.name = 'code' LEFT JOIN config_alt `joined_csd_uuid` ON `joined_csd_uuid`.parent= CONCAT(c.parent, '/' , c.name , '/fields')  AND `joined_csd_uuid`.name = 'csd_uuid' LEFT JOIN config_alt `joined_dhis_orgunit` ON `joined_dhis_orgunit`.parent= CONCAT(c.parent, '/' , c.name , '/fields')  AND `joined_dhis_orgunit`.name = 'dhis_orgunit' LEFT JOIN config_alt `joined_facility_type` ON `joined_facility_type`.parent= CONCAT(c.parent, '/' , c.name , '/fields')  AND `joined_facility_type`.name = 'facility_type' LEFT JOIN config_alt `joined_latitude` ON `joined_latitude`.parent= CONCAT(c.parent, '/' , c.name , '/fields')  AND `joined_latitude`.name = 'latitude' LEFT JOIN config_alt `joined_longitude` ON `joined_longitude`.parent= CONCAT(c.parent, '/' , c.name , '/fields')  AND `joined_longitude`.name = 'longitude' LEFT JOIN config_alt `joined_parent` ON `joined_parent`.parent = CONCAT(c.parent,'/',c.name) and `joined_parent`.name = 'parent' LEFT JOIN config_alt modified ON modified.parent = CONCAT(c.parent ,'/',c.name) AND modified.name = 'last_modified'  WHERE (c.parent = '/I2CE/formsData/forms/facility' AND c.name = '3' AND (modified.value IS NULL  OR STR_TO_DATE(modified.value,'%Y-%m-%d %H:%i:%s') > STR_TO_DATE('1970-01-01 03:00:00','%Y-%m-%d %H:%i:%s')))) AS cached_table WHERE cached_table.id = '3') ON DUPLICATE KEY UPDATE `i2ce_hidden`=values(`i2ce_hidden`),`remap`=values(`remap`),`location`=values(`location`),`name`=values(`name`),`code`=values(`code`),`csd_uuid`=values(`csd_uuid`),`dhis_orgunit`=values(`dhis_orgunit`),`facility_type`=values(`facility_type`),`latitude`=values(`latitude`),`longitude`=values(`longitude`),`id`=values(`id`),`parent`=values(`parent`),`last_modified`=values(`last_modified`)
	[0m
[34mI2CE: I2CE->raiseError (/var/lib/iHRIS/dev/4.3.3/i2ce/modules/Forms/modules/CachedForms/lib/I2CE_CachedForm.php:531)
I2CE_CachedForm->fastPopulate (/var/lib/iHRIS/dev/4.3.3/i2ce/modules/Forms/modules/CachedForms/lib/I2CE_CachedForm.php:395)
I2CE_CachedForm->updateCachedTable (/var/lib/iHRIS/dev/4.3.3/i2ce/modules/Forms/modules/CachedForms/lib/I2CE_Module_CachedForms.php:126)
I2CE_Module_CachedForms->markFormDirty_hook
call_user_func_array (/var/lib/iHRIS/dev/4.3.3/i2ce/lib/I2CE_ModuleFactory.php:784)
I2CE_ModuleFactory->callHooks (/var/lib/iHRIS/dev/4.3.3/i2ce/modules/Forms/modules/FormStorage/lib/I2CE_FormStorage.php:1755)
I2CE_FormStorage->_save (/var/lib/iHRIS/dev/4.3.3/i2ce/modules/Forms/modules/FormStorage/lib/I2CE_FormStorage.php:1720)
I2CE_FormStorage->save
call_user_func_array (/var/lib/iHRIS/dev/4.3.3/i2ce/lib/I2CE_Fuzzy.php:60)
I2CE_Fuzzy->__call (/var/lib/iHRIS/dev/4.3.3/ihris-common/modules/CSD/modules/CSDCache/lib/iHRIS_Module_CSDCache.php:249)
iHRIS_Facility->save (/var/lib/iHRIS/dev/4.3.3/ihris-common/modules/CSD/modules/CSDCache/lib/iHRIS_Module_CSDCache.php:249)
iHRIS_Module_CSDCache->form_post_save (/var/lib/iHRIS/dev/4.3.3/ihris-common/modules/CSD/modules/CSDCache/modules/CSDFacility/lib/iHRIS_Module_CSDFacility.php:79)
iHRIS_Module_CSDFacility->form_post_save_facility
call_user_func_array (/var/lib/iHRIS/dev/4.3.3/i2ce/lib/I2CE_ModuleFactory.php:784)
I2CE_ModuleFactory->callHooks (/var/lib/iHRIS/dev/4.3.3/i2ce/modules/Forms/modules/FormStorage/lib/I2CE_FormStorage.php:1754)
I2CE_FormStorage->_save (/var/lib/iHRIS/dev/4.3.3/i2ce/modules/Forms/modules/FormStorage/lib/I2CE_FormStorage.php:1720)
I2CE_FormStorage->save
call_user_func_array (/var/lib/iHRIS/dev/4.3.3/i2ce/lib/I2CE_Fuzzy.php:60)
I2CE_Fuzzy->__call (/var/lib/iHRIS/dev/sites/Uganda-community-health-worker-registry-demo/mapDHIS2toiHRIS.php:90)
iHRIS_Facility->save (/var/lib/iHRIS/dev/sites/Uganda-community-health-worker-registry-demo/mapDHIS2toiHRIS.php:90):[0m
	[32mUpdated 1 records for facility (3)[0m
[34mI2CE: I2CE->raiseError (/var/lib/iHRIS/dev/4.3.3/i2ce/modules/Forms/modules/CachedForms/lib/I2CE_CachedForm.php:526)
I2CE_CachedForm->fastPopulate (/var/lib/iHRIS/dev/4.3.3/i2ce/modules/Forms/modules/CachedForms/lib/I2CE_CachedForm.php:395)
I2CE_CachedForm->updateCachedTable (/var/lib/iHRIS/dev/4.3.3/i2ce/modules/Forms/modules/CachedForms/lib/I2CE_Module_CachedForms.php:126)
I2CE_Module_CachedForms->markFormDirty_hook
call_user_func_array (/var/lib/iHRIS/dev/4.3.3/i2ce/lib/I2CE_ModuleFactory.php:784)
I2CE_ModuleFactory->callHooks (/var/lib/iHRIS/dev/4.3.3/i2ce/modules/Forms/modules/FormStorage/lib/I2CE_FormStorage.php:1755)
I2CE_FormStorage->_save (/var/lib/iHRIS/dev/4.3.3/i2ce/modules/Forms/modules/FormStorage/lib/I2CE_FormStorage.php:1720)
I2CE_FormStorage->save
call_user_func_array (/var/lib/iHRIS/dev/4.3.3/i2ce/lib/I2CE_Fuzzy.php:60)
I2CE_Fuzzy->__call (/var/lib/iHRIS/dev/sites/Uganda-community-health-worker-registry-demo/mapDHIS2toiHRIS.php:90)
iHRIS_Facility->save (/var/lib/iHRIS/dev/sites/Uganda-community-health-worker-registry-demo/mapDHIS2toiHRIS.php:90):[0m
	[32mFast Populate Query:INSERT INTO `chwrdemo`.`hippo_facility`(id,parent,`last_modified`,created,`i2ce_hidden`,`remap`,`location`,`name`,`code`,`csd_uuid`,`dhis_orgunit`,`facility_type`,`latitude`,`longitude`) (SELECT  concat('facility|',id) as id, parent , IFNULL(`last_modified`,'1900-01-01 00:00:00') as `last_modified`, IFNULL(`created`,'0000-00-00 00:00:00') as `created`, IFNULL(`i2ce_hidden`, ?) as `i2ce_hidden`,IFNULL(`remap`, ?) as `remap`,IFNULL(`location`, ?) as `location`,IFNULL(`name`, ?) as `name`,IFNULL(`code`, ?) as `code`,IFNULL(`csd_uuid`, ?) as `csd_uuid`,IFNULL(`dhis_orgunit`, ?) as `dhis_orgunit`,IFNULL(`facility_type`, ?) as `facility_type`,IFNULL(`latitude`, ?) as `latitude`,IFNULL(`longitude`, ?) as `longitude` FROM (SELECT c.name as `id`,`joined_created`.value as `created`,`joined_i2ce_hidden`.value as `i2ce_hidden`,`joined_remap`.value as `remap`,`joined_location`.value as `location`,`joined_name`.value as `name`,`joined_code`.value as `code`,`joined_csd_uuid`.value as `csd_uuid`,`joined_dhis_orgunit`.value as `dhis_orgunit`,`joined_facility_type`.value as `facility_type`,`joined_latitude`.value as `latitude`,`joined_longitude`.value as `longitude`,`joined_parent`.value as `parent`,modified.value AS `last_modified` FROM config_alt c LEFT JOIN config_alt `joined_created` ON `joined_created`.parent= CONCAT(c.parent, '/' , c.name , '/fields')  AND `joined_created`.name = 'created' LEFT JOIN config_alt `joined_i2ce_hidden` ON `joined_i2ce_hidden`.parent= CONCAT(c.parent, '/' , c.name , '/fields')  AND `joined_i2ce_hidden`.name = 'i2ce_hidden' LEFT JOIN config_alt `joined_remap` ON `joined_remap`.parent= CONCAT(c.parent, '/' , c.name , '/fields')  AND `joined_remap`.name = 'remap' LEFT JOIN config_alt `joined_location` ON `joined_location`.parent= CONCAT(c.parent, '/' , c.name , '/fields')  AND `joined_location`.name = 'location' LEFT JOIN config_alt `joined_name` ON `joined_name`.parent= CONCAT(c.parent, '/' , c.name , '/fields')  AND `joined_name`.name = 'name' LEFT JOIN config_alt `joined_code` ON `joined_code`.parent= CONCAT(c.parent, '/' , c.name , '/fields')  AND `joined_code`.name = 'code' LEFT JOIN config_alt `joined_csd_uuid` ON `joined_csd_uuid`.parent= CONCAT(c.parent, '/' , c.name , '/fields')  AND `joined_csd_uuid`.name = 'csd_uuid' LEFT JOIN config_alt `joined_dhis_orgunit` ON `joined_dhis_orgunit`.parent= CONCAT(c.parent, '/' , c.name , '/fields')  AND `joined_dhis_orgunit`.name = 'dhis_orgunit' LEFT JOIN config_alt `joined_facility_type` ON `joined_facility_type`.parent= CONCAT(c.parent, '/' , c.name , '/fields')  AND `joined_facility_type`.name = 'facility_type' LEFT JOIN config_alt `joined_latitude` ON `joined_latitude`.parent= CONCAT(c.parent, '/' , c.name , '/fields')  AND `joined_latitude`.name = 'latitude' LEFT JOIN config_alt `joined_longitude` ON `joined_longitude`.parent= CONCAT(c.parent, '/' , c.name , '/fields')  AND `joined_longitude`.name = 'longitude' LEFT JOIN config_alt `joined_parent` ON `joined_parent`.parent = CONCAT(c.parent,'/',c.name) and `joined_parent`.name = 'parent' LEFT JOIN config_alt modified ON modified.parent = CONCAT(c.parent ,'/',c.name) AND modified.name = 'last_modified'  WHERE (c.parent = '/I2CE/formsData/forms/facility' AND c.name = '3' AND (modified.value IS NULL  OR STR_TO_DATE(modified.value,'%Y-%m-%d %H:%i:%s') > STR_TO_DATE('1970-01-01 03:00:00','%Y-%m-%d %H:%i:%s')))) AS cached_table WHERE cached_table.id = '3') ON DUPLICATE KEY UPDATE `i2ce_hidden`=values(`i2ce_hidden`),`remap`=values(`remap`),`location`=values(`location`),`name`=values(`name`),`code`=values(`code`),`csd_uuid`=values(`csd_uuid`),`dhis_orgunit`=values(`dhis_orgunit`),`facility_type`=values(`facility_type`),`latitude`=values(`latitude`),`longitude`=values(`longitude`),`id`=values(`id`),`parent`=values(`parent`),`last_modified`=values(`last_modified`)
	[0m
[34mI2CE: I2CE->raiseError (/var/lib/iHRIS/dev/4.3.3/i2ce/modules/Forms/modules/CachedForms/lib/I2CE_CachedForm.php:531)
I2CE_CachedForm->fastPopulate (/var/lib/iHRIS/dev/4.3.3/i2ce/modules/Forms/modules/CachedForms/lib/I2CE_CachedForm.php:395)
I2CE_CachedForm->updateCachedTable (/var/lib/iHRIS/dev/4.3.3/i2ce/modules/Forms/modules/CachedForms/lib/I2CE_Module_CachedForms.php:126)
I2CE_Module_CachedForms->markFormDirty_hook
call_user_func_array (/var/lib/iHRIS/dev/4.3.3/i2ce/lib/I2CE_ModuleFactory.php:784)
I2CE_ModuleFactory->callHooks (/var/lib/iHRIS/dev/4.3.3/i2ce/modules/Forms/modules/FormStorage/lib/I2CE_FormStorage.php:1755)
I2CE_FormStorage->_save (/var/lib/iHRIS/dev/4.3.3/i2ce/modules/Forms/modules/FormStorage/lib/I2CE_FormStorage.php:1720)
I2CE_FormStorage->save
call_user_func_array (/var/lib/iHRIS/dev/4.3.3/i2ce/lib/I2CE_Fuzzy.php:60)
I2CE_Fuzzy->__call (/var/lib/iHRIS/dev/sites/Uganda-community-health-worker-registry-demo/mapDHIS2toiHRIS.php:90)
iHRIS_Facility->save (/var/lib/iHRIS/dev/sites/Uganda-community-health-worker-registry-demo/mapDHIS2toiHRIS.php:90):[0m
	[32mUpdated 1 records for facility (3)[0m
[34mI2CE: [0m
	[32mSetting csd uuid for facility|7[0m
[34mI2CE: I2CE->raiseError (/var/lib/iHRIS/dev/4.3.3/i2ce/modules/Forms/modules/CachedForms/lib/I2CE_CachedForm.php:526)
I2CE_CachedForm->fastPopulate (/var/lib/iHRIS/dev/4.3.3/i2ce/modules/Forms/modules/CachedForms/lib/I2CE_CachedForm.php:395)
I2CE_CachedForm->updateCachedTable (/var/lib/iHRIS/dev/4.3.3/i2ce/modules/Forms/modules/CachedForms/lib/I2CE_Module_CachedForms.php:126)
I2CE_Module_CachedForms->markFormDirty_hook
call_user_func_array (/var/lib/iHRIS/dev/4.3.3/i2ce/lib/I2CE_ModuleFactory.php:784)
I2CE_ModuleFactory->callHooks (/var/lib/iHRIS/dev/4.3.3/i2ce/modules/Forms/modules/FormStorage/lib/I2CE_FormStorage.php:1755)
I2CE_FormStorage->_save (/var/lib/iHRIS/dev/4.3.3/i2ce/modules/Forms/modules/FormStorage/lib/I2CE_FormStorage.php:1720)
I2CE_FormStorage->save
call_user_func_array (/var/lib/iHRIS/dev/4.3.3/i2ce/lib/I2CE_Fuzzy.php:60)
I2CE_Fuzzy->__call (/var/lib/iHRIS/dev/4.3.3/ihris-common/modules/CSD/modules/CSDCache/lib/iHRIS_Module_CSDCache.php:249)
iHRIS_Facility->save (/var/lib/iHRIS/dev/4.3.3/ihris-common/modules/CSD/modules/CSDCache/lib/iHRIS_Module_CSDCache.php:249)
iHRIS_Module_CSDCache->form_post_save (/var/lib/iHRIS/dev/4.3.3/ihris-common/modules/CSD/modules/CSDCache/modules/CSDFacility/lib/iHRIS_Module_CSDFacility.php:79)
iHRIS_Module_CSDFacility->form_post_save_facility
call_user_func_array (/var/lib/iHRIS/dev/4.3.3/i2ce/lib/I2CE_ModuleFactory.php:784)
I2CE_ModuleFactory->callHooks (/var/lib/iHRIS/dev/4.3.3/i2ce/modules/Forms/modules/FormStorage/lib/I2CE_FormStorage.php:1754)
I2CE_FormStorage->_save (/var/lib/iHRIS/dev/4.3.3/i2ce/modules/Forms/modules/FormStorage/lib/I2CE_FormStorage.php:1720)
I2CE_FormStorage->save
call_user_func_array (/var/lib/iHRIS/dev/4.3.3/i2ce/lib/I2CE_Fuzzy.php:60)
I2CE_Fuzzy->__call (/var/lib/iHRIS/dev/sites/Uganda-community-health-worker-registry-demo/mapDHIS2toiHRIS.php:90)
iHRIS_Facility->save (/var/lib/iHRIS/dev/sites/Uganda-community-health-worker-registry-demo/mapDHIS2toiHRIS.php:90):[0m
	[32mFast Populate Query:INSERT INTO `chwrdemo`.`hippo_facility`(id,parent,`last_modified`,created,`i2ce_hidden`,`remap`,`location`,`name`,`code`,`csd_uuid`,`dhis_orgunit`,`facility_type`,`latitude`,`longitude`) (SELECT  concat('facility|',id) as id, parent , IFNULL(`last_modified`,'1900-01-01 00:00:00') as `last_modified`, IFNULL(`created`,'0000-00-00 00:00:00') as `created`, IFNULL(`i2ce_hidden`, ?) as `i2ce_hidden`,IFNULL(`remap`, ?) as `remap`,IFNULL(`location`, ?) as `location`,IFNULL(`name`, ?) as `name`,IFNULL(`code`, ?) as `code`,IFNULL(`csd_uuid`, ?) as `csd_uuid`,IFNULL(`dhis_orgunit`, ?) as `dhis_orgunit`,IFNULL(`facility_type`, ?) as `facility_type`,IFNULL(`latitude`, ?) as `latitude`,IFNULL(`longitude`, ?) as `longitude` FROM (SELECT c.name as `id`,`joined_created`.value as `created`,`joined_i2ce_hidden`.value as `i2ce_hidden`,`joined_remap`.value as `remap`,`joined_location`.value as `location`,`joined_name`.value as `name`,`joined_code`.value as `code`,`joined_csd_uuid`.value as `csd_uuid`,`joined_dhis_orgunit`.value as `dhis_orgunit`,`joined_facility_type`.value as `facility_type`,`joined_latitude`.value as `latitude`,`joined_longitude`.value as `longitude`,`joined_parent`.value as `parent`,modified.value AS `last_modified` FROM config_alt c LEFT JOIN config_alt `joined_created` ON `joined_created`.parent= CONCAT(c.parent, '/' , c.name , '/fields')  AND `joined_created`.name = 'created' LEFT JOIN config_alt `joined_i2ce_hidden` ON `joined_i2ce_hidden`.parent= CONCAT(c.parent, '/' , c.name , '/fields')  AND `joined_i2ce_hidden`.name = 'i2ce_hidden' LEFT JOIN config_alt `joined_remap` ON `joined_remap`.parent= CONCAT(c.parent, '/' , c.name , '/fields')  AND `joined_remap`.name = 'remap' LEFT JOIN config_alt `joined_location` ON `joined_location`.parent= CONCAT(c.parent, '/' , c.name , '/fields')  AND `joined_location`.name = 'location' LEFT JOIN config_alt `joined_name` ON `joined_name`.parent= CONCAT(c.parent, '/' , c.name , '/fields')  AND `joined_name`.name = 'name' LEFT JOIN config_alt `joined_code` ON `joined_code`.parent= CONCAT(c.parent, '/' , c.name , '/fields')  AND `joined_code`.name = 'code' LEFT JOIN config_alt `joined_csd_uuid` ON `joined_csd_uuid`.parent= CONCAT(c.parent, '/' , c.name , '/fields')  AND `joined_csd_uuid`.name = 'csd_uuid' LEFT JOIN config_alt `joined_dhis_orgunit` ON `joined_dhis_orgunit`.parent= CONCAT(c.parent, '/' , c.name , '/fields')  AND `joined_dhis_orgunit`.name = 'dhis_orgunit' LEFT JOIN config_alt `joined_facility_type` ON `joined_facility_type`.parent= CONCAT(c.parent, '/' , c.name , '/fields')  AND `joined_facility_type`.name = 'facility_type' LEFT JOIN config_alt `joined_latitude` ON `joined_latitude`.parent= CONCAT(c.parent, '/' , c.name , '/fields')  AND `joined_latitude`.name = 'latitude' LEFT JOIN config_alt `joined_longitude` ON `joined_longitude`.parent= CONCAT(c.parent, '/' , c.name , '/fields')  AND `joined_longitude`.name = 'longitude' LEFT JOIN config_alt `joined_parent` ON `joined_parent`.parent = CONCAT(c.parent,'/',c.name) and `joined_parent`.name = 'parent' LEFT JOIN config_alt modified ON modified.parent = CONCAT(c.parent ,'/',c.name) AND modified.name = 'last_modified'  WHERE (c.parent = '/I2CE/formsData/forms/facility' AND c.name = '7' AND (modified.value IS NULL  OR STR_TO_DATE(modified.value,'%Y-%m-%d %H:%i:%s') > STR_TO_DATE('1970-01-01 03:00:00','%Y-%m-%d %H:%i:%s')))) AS cached_table WHERE cached_table.id = '7') ON DUPLICATE KEY UPDATE `i2ce_hidden`=values(`i2ce_hidden`),`remap`=values(`remap`),`location`=values(`location`),`name`=values(`name`),`code`=values(`code`),`csd_uuid`=values(`csd_uuid`),`dhis_orgunit`=values(`dhis_orgunit`),`facility_type`=values(`facility_type`),`latitude`=values(`latitude`),`longitude`=values(`longitude`),`id`=values(`id`),`parent`=values(`parent`),`last_modified`=values(`last_modified`)
	[0m
[34mI2CE: I2CE->raiseError (/var/lib/iHRIS/dev/4.3.3/i2ce/modules/Forms/modules/CachedForms/lib/I2CE_CachedForm.php:531)
I2CE_CachedForm->fastPopulate (/var/lib/iHRIS/dev/4.3.3/i2ce/modules/Forms/modules/CachedForms/lib/I2CE_CachedForm.php:395)
I2CE_CachedForm->updateCachedTable (/var/lib/iHRIS/dev/4.3.3/i2ce/modules/Forms/modules/CachedForms/lib/I2CE_Module_CachedForms.php:126)
I2CE_Module_CachedForms->markFormDirty_hook
call_user_func_array (/var/lib/iHRIS/dev/4.3.3/i2ce/lib/I2CE_ModuleFactory.php:784)
I2CE_ModuleFactory->callHooks (/var/lib/iHRIS/dev/4.3.3/i2ce/modules/Forms/modules/FormStorage/lib/I2CE_FormStorage.php:1755)
I2CE_FormStorage->_save (/var/lib/iHRIS/dev/4.3.3/i2ce/modules/Forms/modules/FormStorage/lib/I2CE_FormStorage.php:1720)
I2CE_FormStorage->save
call_user_func_array (/var/lib/iHRIS/dev/4.3.3/i2ce/lib/I2CE_Fuzzy.php:60)
I2CE_Fuzzy->__call (/var/lib/iHRIS/dev/4.3.3/ihris-common/modules/CSD/modules/CSDCache/lib/iHRIS_Module_CSDCache.php:249)
iHRIS_Facility->save (/var/lib/iHRIS/dev/4.3.3/ihris-common/modules/CSD/modules/CSDCache/lib/iHRIS_Module_CSDCache.php:249)
iHRIS_Module_CSDCache->form_post_save (/var/lib/iHRIS/dev/4.3.3/ihris-common/modules/CSD/modules/CSDCache/modules/CSDFacility/lib/iHRIS_Module_CSDFacility.php:79)
iHRIS_Module_CSDFacility->form_post_save_facility
call_user_func_array (/var/lib/iHRIS/dev/4.3.3/i2ce/lib/I2CE_ModuleFactory.php:784)
I2CE_ModuleFactory->callHooks (/var/lib/iHRIS/dev/4.3.3/i2ce/modules/Forms/modules/FormStorage/lib/I2CE_FormStorage.php:1754)
I2CE_FormStorage->_save (/var/lib/iHRIS/dev/4.3.3/i2ce/modules/Forms/modules/FormStorage/lib/I2CE_FormStorage.php:1720)
I2CE_FormStorage->save
call_user_func_array (/var/lib/iHRIS/dev/4.3.3/i2ce/lib/I2CE_Fuzzy.php:60)
I2CE_Fuzzy->__call (/var/lib/iHRIS/dev/sites/Uganda-community-health-worker-registry-demo/mapDHIS2toiHRIS.php:90)
iHRIS_Facility->save (/var/lib/iHRIS/dev/sites/Uganda-community-health-worker-registry-demo/mapDHIS2toiHRIS.php:90):[0m
	[32mUpdated 1 records for facility (7)[0m
[34mI2CE: I2CE->raiseError (/var/lib/iHRIS/dev/4.3.3/i2ce/modules/Forms/modules/CachedForms/lib/I2CE_CachedForm.php:526)
I2CE_CachedForm->fastPopulate (/var/lib/iHRIS/dev/4.3.3/i2ce/modules/Forms/modules/CachedForms/lib/I2CE_CachedForm.php:395)
I2CE_CachedForm->updateCachedTable (/var/lib/iHRIS/dev/4.3.3/i2ce/modules/Forms/modules/CachedForms/lib/I2CE_Module_CachedForms.php:126)
I2CE_Module_CachedForms->markFormDirty_hook
call_user_func_array (/var/lib/iHRIS/dev/4.3.3/i2ce/lib/I2CE_ModuleFactory.php:784)
I2CE_ModuleFactory->callHooks (/var/lib/iHRIS/dev/4.3.3/i2ce/modules/Forms/modules/FormStorage/lib/I2CE_FormStorage.php:1755)
I2CE_FormStorage->_save (/var/lib/iHRIS/dev/4.3.3/i2ce/modules/Forms/modules/FormStorage/lib/I2CE_FormStorage.php:1720)
I2CE_FormStorage->save
call_user_func_array (/var/lib/iHRIS/dev/4.3.3/i2ce/lib/I2CE_Fuzzy.php:60)
I2CE_Fuzzy->__call (/var/lib/iHRIS/dev/sites/Uganda-community-health-worker-registry-demo/mapDHIS2toiHRIS.php:90)
iHRIS_Facility->save (/var/lib/iHRIS/dev/sites/Uganda-community-health-worker-registry-demo/mapDHIS2toiHRIS.php:90):[0m
	[32mFast Populate Query:INSERT INTO `chwrdemo`.`hippo_facility`(id,parent,`last_modified`,created,`i2ce_hidden`,`remap`,`location`,`name`,`code`,`csd_uuid`,`dhis_orgunit`,`facility_type`,`latitude`,`longitude`) (SELECT  concat('facility|',id) as id, parent , IFNULL(`last_modified`,'1900-01-01 00:00:00') as `last_modified`, IFNULL(`created`,'0000-00-00 00:00:00') as `created`, IFNULL(`i2ce_hidden`, ?) as `i2ce_hidden`,IFNULL(`remap`, ?) as `remap`,IFNULL(`location`, ?) as `location`,IFNULL(`name`, ?) as `name`,IFNULL(`code`, ?) as `code`,IFNULL(`csd_uuid`, ?) as `csd_uuid`,IFNULL(`dhis_orgunit`, ?) as `dhis_orgunit`,IFNULL(`facility_type`, ?) as `facility_type`,IFNULL(`latitude`, ?) as `latitude`,IFNULL(`longitude`, ?) as `longitude` FROM (SELECT c.name as `id`,`joined_created`.value as `created`,`joined_i2ce_hidden`.value as `i2ce_hidden`,`joined_remap`.value as `remap`,`joined_location`.value as `location`,`joined_name`.value as `name`,`joined_code`.value as `code`,`joined_csd_uuid`.value as `csd_uuid`,`joined_dhis_orgunit`.value as `dhis_orgunit`,`joined_facility_type`.value as `facility_type`,`joined_latitude`.value as `latitude`,`joined_longitude`.value as `longitude`,`joined_parent`.value as `parent`,modified.value AS `last_modified` FROM config_alt c LEFT JOIN config_alt `joined_created` ON `joined_created`.parent= CONCAT(c.parent, '/' , c.name , '/fields')  AND `joined_created`.name = 'created' LEFT JOIN config_alt `joined_i2ce_hidden` ON `joined_i2ce_hidden`.parent= CONCAT(c.parent, '/' , c.name , '/fields')  AND `joined_i2ce_hidden`.name = 'i2ce_hidden' LEFT JOIN config_alt `joined_remap` ON `joined_remap`.parent= CONCAT(c.parent, '/' , c.name , '/fields')  AND `joined_remap`.name = 'remap' LEFT JOIN config_alt `joined_location` ON `joined_location`.parent= CONCAT(c.parent, '/' , c.name , '/fields')  AND `joined_location`.name = 'location' LEFT JOIN config_alt `joined_name` ON `joined_name`.parent= CONCAT(c.parent, '/' , c.name , '/fields')  AND `joined_name`.name = 'name' LEFT JOIN config_alt `joined_code` ON `joined_code`.parent= CONCAT(c.parent, '/' , c.name , '/fields')  AND `joined_code`.name = 'code' LEFT JOIN config_alt `joined_csd_uuid` ON `joined_csd_uuid`.parent= CONCAT(c.parent, '/' , c.name , '/fields')  AND `joined_csd_uuid`.name = 'csd_uuid' LEFT JOIN config_alt `joined_dhis_orgunit` ON `joined_dhis_orgunit`.parent= CONCAT(c.parent, '/' , c.name , '/fields')  AND `joined_dhis_orgunit`.name = 'dhis_orgunit' LEFT JOIN config_alt `joined_facility_type` ON `joined_facility_type`.parent= CONCAT(c.parent, '/' , c.name , '/fields')  AND `joined_facility_type`.name = 'facility_type' LEFT JOIN config_alt `joined_latitude` ON `joined_latitude`.parent= CONCAT(c.parent, '/' , c.name , '/fields')  AND `joined_latitude`.name = 'latitude' LEFT JOIN config_alt `joined_longitude` ON `joined_longitude`.parent= CONCAT(c.parent, '/' , c.name , '/fields')  AND `joined_longitude`.name = 'longitude' LEFT JOIN config_alt `joined_parent` ON `joined_parent`.parent = CONCAT(c.parent,'/',c.name) and `joined_parent`.name = 'parent' LEFT JOIN config_alt modified ON modified.parent = CONCAT(c.parent ,'/',c.name) AND modified.name = 'last_modified'  WHERE (c.parent = '/I2CE/formsData/forms/facility' AND c.name = '7' AND (modified.value IS NULL  OR STR_TO_DATE(modified.value,'%Y-%m-%d %H:%i:%s') > STR_TO_DATE('1970-01-01 03:00:00','%Y-%m-%d %H:%i:%s')))) AS cached_table WHERE cached_table.id = '7') ON DUPLICATE KEY UPDATE `i2ce_hidden`=values(`i2ce_hidden`),`remap`=values(`remap`),`location`=values(`location`),`name`=values(`name`),`code`=values(`code`),`csd_uuid`=values(`csd_uuid`),`dhis_orgunit`=values(`dhis_orgunit`),`facility_type`=values(`facility_type`),`latitude`=values(`latitude`),`longitude`=values(`longitude`),`id`=values(`id`),`parent`=values(`parent`),`last_modified`=values(`last_modified`)
	[0m
[34mI2CE: I2CE->raiseError (/var/lib/iHRIS/dev/4.3.3/i2ce/modules/Forms/modules/CachedForms/lib/I2CE_CachedForm.php:531)
I2CE_CachedForm->fastPopulate (/var/lib/iHRIS/dev/4.3.3/i2ce/modules/Forms/modules/CachedForms/lib/I2CE_CachedForm.php:395)
I2CE_CachedForm->updateCachedTable (/var/lib/iHRIS/dev/4.3.3/i2ce/modules/Forms/modules/CachedForms/lib/I2CE_Module_CachedForms.php:126)
I2CE_Module_CachedForms->markFormDirty_hook
call_user_func_array (/var/lib/iHRIS/dev/4.3.3/i2ce/lib/I2CE_ModuleFactory.php:784)
I2CE_ModuleFactory->callHooks (/var/lib/iHRIS/dev/4.3.3/i2ce/modules/Forms/modules/FormStorage/lib/I2CE_FormStorage.php:1755)
I2CE_FormStorage->_save (/var/lib/iHRIS/dev/4.3.3/i2ce/modules/Forms/modules/FormStorage/lib/I2CE_FormStorage.php:1720)
I2CE_FormStorage->save
call_user_func_array (/var/lib/iHRIS/dev/4.3.3/i2ce/lib/I2CE_Fuzzy.php:60)
I2CE_Fuzzy->__call (/var/lib/iHRIS/dev/sites/Uganda-community-health-worker-registry-demo/mapDHIS2toiHRIS.php:90)
iHRIS_Facility->save (/var/lib/iHRIS/dev/sites/Uganda-community-health-worker-registry-demo/mapDHIS2toiHRIS.php:90):[0m
	[32mUpdated 1 records for facility (7)[0m
[34mI2CE: [0m
	[32mSetting csd uuid for facility|8[0m
[34mI2CE: I2CE->raiseError (/var/lib/iHRIS/dev/4.3.3/i2ce/modules/Forms/modules/CachedForms/lib/I2CE_CachedForm.php:526)
I2CE_CachedForm->fastPopulate (/var/lib/iHRIS/dev/4.3.3/i2ce/modules/Forms/modules/CachedForms/lib/I2CE_CachedForm.php:395)
I2CE_CachedForm->updateCachedTable (/var/lib/iHRIS/dev/4.3.3/i2ce/modules/Forms/modules/CachedForms/lib/I2CE_Module_CachedForms.php:126)
I2CE_Module_CachedForms->markFormDirty_hook
call_user_func_array (/var/lib/iHRIS/dev/4.3.3/i2ce/lib/I2CE_ModuleFactory.php:784)
I2CE_ModuleFactory->callHooks (/var/lib/iHRIS/dev/4.3.3/i2ce/modules/Forms/modules/FormStorage/lib/I2CE_FormStorage.php:1755)
I2CE_FormStorage->_save (/var/lib/iHRIS/dev/4.3.3/i2ce/modules/Forms/modules/FormStorage/lib/I2CE_FormStorage.php:1720)
I2CE_FormStorage->save
call_user_func_array (/var/lib/iHRIS/dev/4.3.3/i2ce/lib/I2CE_Fuzzy.php:60)
I2CE_Fuzzy->__call (/var/lib/iHRIS/dev/4.3.3/ihris-common/modules/CSD/modules/CSDCache/lib/iHRIS_Module_CSDCache.php:249)
iHRIS_Facility->save (/var/lib/iHRIS/dev/4.3.3/ihris-common/modules/CSD/modules/CSDCache/lib/iHRIS_Module_CSDCache.php:249)
iHRIS_Module_CSDCache->form_post_save (/var/lib/iHRIS/dev/4.3.3/ihris-common/modules/CSD/modules/CSDCache/modules/CSDFacility/lib/iHRIS_Module_CSDFacility.php:79)
iHRIS_Module_CSDFacility->form_post_save_facility
call_user_func_array (/var/lib/iHRIS/dev/4.3.3/i2ce/lib/I2CE_ModuleFactory.php:784)
I2CE_ModuleFactory->callHooks (/var/lib/iHRIS/dev/4.3.3/i2ce/modules/Forms/modules/FormStorage/lib/I2CE_FormStorage.php:1754)
I2CE_FormStorage->_save (/var/lib/iHRIS/dev/4.3.3/i2ce/modules/Forms/modules/FormStorage/lib/I2CE_FormStorage.php:1720)
I2CE_FormStorage->save
call_user_func_array (/var/lib/iHRIS/dev/4.3.3/i2ce/lib/I2CE_Fuzzy.php:60)
I2CE_Fuzzy->__call (/var/lib/iHRIS/dev/sites/Uganda-community-health-worker-registry-demo/mapDHIS2toiHRIS.php:90)
iHRIS_Facility->save (/var/lib/iHRIS/dev/sites/Uganda-community-health-worker-registry-demo/mapDHIS2toiHRIS.php:90):[0m
	[32mFast Populate Query:INSERT INTO `chwrdemo`.`hippo_facility`(id,parent,`last_modified`,created,`i2ce_hidden`,`remap`,`location`,`name`,`code`,`csd_uuid`,`dhis_orgunit`,`facility_type`,`latitude`,`longitude`) (SELECT  concat('facility|',id) as id, parent , IFNULL(`last_modified`,'1900-01-01 00:00:00') as `last_modified`, IFNULL(`created`,'0000-00-00 00:00:00') as `created`, IFNULL(`i2ce_hidden`, ?) as `i2ce_hidden`,IFNULL(`remap`, ?) as `remap`,IFNULL(`location`, ?) as `location`,IFNULL(`name`, ?) as `name`,IFNULL(`code`, ?) as `code`,IFNULL(`csd_uuid`, ?) as `csd_uuid`,IFNULL(`dhis_orgunit`, ?) as `dhis_orgunit`,IFNULL(`facility_type`, ?) as `facility_type`,IFNULL(`latitude`, ?) as `latitude`,IFNULL(`longitude`, ?) as `longitude` FROM (SELECT c.name as `id`,`joined_created`.value as `created`,`joined_i2ce_hidden`.value as `i2ce_hidden`,`joined_remap`.value as `remap`,`joined_location`.value as `location`,`joined_name`.value as `name`,`joined_code`.value as `code`,`joined_csd_uuid`.value as `csd_uuid`,`joined_dhis_orgunit`.value as `dhis_orgunit`,`joined_facility_type`.value as `facility_type`,`joined_latitude`.value as `latitude`,`joined_longitude`.value as `longitude`,`joined_parent`.value as `parent`,modified.value AS `last_modified` FROM config_alt c LEFT JOIN config_alt `joined_created` ON `joined_created`.parent= CONCAT(c.parent, '/' , c.name , '/fields')  AND `joined_created`.name = 'created' LEFT JOIN config_alt `joined_i2ce_hidden` ON `joined_i2ce_hidden`.parent= CONCAT(c.parent, '/' , c.name , '/fields')  AND `joined_i2ce_hidden`.name = 'i2ce_hidden' LEFT JOIN config_alt `joined_remap` ON `joined_remap`.parent= CONCAT(c.parent, '/' , c.name , '/fields')  AND `joined_remap`.name = 'remap' LEFT JOIN config_alt `joined_location` ON `joined_location`.parent= CONCAT(c.parent, '/' , c.name , '/fields')  AND `joined_location`.name = 'location' LEFT JOIN config_alt `joined_name` ON `joined_name`.parent= CONCAT(c.parent, '/' , c.name , '/fields')  AND `joined_name`.name = 'name' LEFT JOIN config_alt `joined_code` ON `joined_code`.parent= CONCAT(c.parent, '/' , c.name , '/fields')  AND `joined_code`.name = 'code' LEFT JOIN config_alt `joined_csd_uuid` ON `joined_csd_uuid`.parent= CONCAT(c.parent, '/' , c.name , '/fields')  AND `joined_csd_uuid`.name = 'csd_uuid' LEFT JOIN config_alt `joined_dhis_orgunit` ON `joined_dhis_orgunit`.parent= CONCAT(c.parent, '/' , c.name , '/fields')  AND `joined_dhis_orgunit`.name = 'dhis_orgunit' LEFT JOIN config_alt `joined_facility_type` ON `joined_facility_type`.parent= CONCAT(c.parent, '/' , c.name , '/fields')  AND `joined_facility_type`.name = 'facility_type' LEFT JOIN config_alt `joined_latitude` ON `joined_latitude`.parent= CONCAT(c.parent, '/' , c.name , '/fields')  AND `joined_latitude`.name = 'latitude' LEFT JOIN config_alt `joined_longitude` ON `joined_longitude`.parent= CONCAT(c.parent, '/' , c.name , '/fields')  AND `joined_longitude`.name = 'longitude' LEFT JOIN config_alt `joined_parent` ON `joined_parent`.parent = CONCAT(c.parent,'/',c.name) and `joined_parent`.name = 'parent' LEFT JOIN config_alt modified ON modified.parent = CONCAT(c.parent ,'/',c.name) AND modified.name = 'last_modified'  WHERE (c.parent = '/I2CE/formsData/forms/facility' AND c.name = '8' AND (modified.value IS NULL  OR STR_TO_DATE(modified.value,'%Y-%m-%d %H:%i:%s') > STR_TO_DATE('1970-01-01 03:00:00','%Y-%m-%d %H:%i:%s')))) AS cached_table WHERE cached_table.id = '8') ON DUPLICATE KEY UPDATE `i2ce_hidden`=values(`i2ce_hidden`),`remap`=values(`remap`),`location`=values(`location`),`name`=values(`name`),`code`=values(`code`),`csd_uuid`=values(`csd_uuid`),`dhis_orgunit`=values(`dhis_orgunit`),`facility_type`=values(`facility_type`),`latitude`=values(`latitude`),`longitude`=values(`longitude`),`id`=values(`id`),`parent`=values(`parent`),`last_modified`=values(`last_modified`)
	[0m
[34mI2CE: I2CE->raiseError (/var/lib/iHRIS/dev/4.3.3/i2ce/modules/Forms/modules/CachedForms/lib/I2CE_CachedForm.php:531)
I2CE_CachedForm->fastPopulate (/var/lib/iHRIS/dev/4.3.3/i2ce/modules/Forms/modules/CachedForms/lib/I2CE_CachedForm.php:395)
I2CE_CachedForm->updateCachedTable (/var/lib/iHRIS/dev/4.3.3/i2ce/modules/Forms/modules/CachedForms/lib/I2CE_Module_CachedForms.php:126)
I2CE_Module_CachedForms->markFormDirty_hook
call_user_func_array (/var/lib/iHRIS/dev/4.3.3/i2ce/lib/I2CE_ModuleFactory.php:784)
I2CE_ModuleFactory->callHooks (/var/lib/iHRIS/dev/4.3.3/i2ce/modules/Forms/modules/FormStorage/lib/I2CE_FormStorage.php:1755)
I2CE_FormStorage->_save (/var/lib/iHRIS/dev/4.3.3/i2ce/modules/Forms/modules/FormStorage/lib/I2CE_FormStorage.php:1720)
I2CE_FormStorage->save
call_user_func_array (/var/lib/iHRIS/dev/4.3.3/i2ce/lib/I2CE_Fuzzy.php:60)
I2CE_Fuzzy->__call (/var/lib/iHRIS/dev/4.3.3/ihris-common/modules/CSD/modules/CSDCache/lib/iHRIS_Module_CSDCache.php:249)
iHRIS_Facility->save (/var/lib/iHRIS/dev/4.3.3/ihris-common/modules/CSD/modules/CSDCache/lib/iHRIS_Module_CSDCache.php:249)
iHRIS_Module_CSDCache->form_post_save (/var/lib/iHRIS/dev/4.3.3/ihris-common/modules/CSD/modules/CSDCache/modules/CSDFacility/lib/iHRIS_Module_CSDFacility.php:79)
iHRIS_Module_CSDFacility->form_post_save_facility
call_user_func_array (/var/lib/iHRIS/dev/4.3.3/i2ce/lib/I2CE_ModuleFactory.php:784)
I2CE_ModuleFactory->callHooks (/var/lib/iHRIS/dev/4.3.3/i2ce/modules/Forms/modules/FormStorage/lib/I2CE_FormStorage.php:1754)
I2CE_FormStorage->_save (/var/lib/iHRIS/dev/4.3.3/i2ce/modules/Forms/modules/FormStorage/lib/I2CE_FormStorage.php:1720)
I2CE_FormStorage->save
call_user_func_array (/var/lib/iHRIS/dev/4.3.3/i2ce/lib/I2CE_Fuzzy.php:60)
I2CE_Fuzzy->__call (/var/lib/iHRIS/dev/sites/Uganda-community-health-worker-registry-demo/mapDHIS2toiHRIS.php:90)
iHRIS_Facility->save (/var/lib/iHRIS/dev/sites/Uganda-community-health-worker-registry-demo/mapDHIS2toiHRIS.php:90):[0m
	[32mUpdated 1 records for facility (8)[0m
[34mI2CE: I2CE->raiseError (/var/lib/iHRIS/dev/4.3.3/i2ce/modules/Forms/modules/CachedForms/lib/I2CE_CachedForm.php:526)
I2CE_CachedForm->fastPopulate (/var/lib/iHRIS/dev/4.3.3/i2ce/modules/Forms/modules/CachedForms/lib/I2CE_CachedForm.php:395)
I2CE_CachedForm->updateCachedTable (/var/lib/iHRIS/dev/4.3.3/i2ce/modules/Forms/modules/CachedForms/lib/I2CE_Module_CachedForms.php:126)
I2CE_Module_CachedForms->markFormDirty_hook
call_user_func_array (/var/lib/iHRIS/dev/4.3.3/i2ce/lib/I2CE_ModuleFactory.php:784)
I2CE_ModuleFactory->callHooks (/var/lib/iHRIS/dev/4.3.3/i2ce/modules/Forms/modules/FormStorage/lib/I2CE_FormStorage.php:1755)
I2CE_FormStorage->_save (/var/lib/iHRIS/dev/4.3.3/i2ce/modules/Forms/modules/FormStorage/lib/I2CE_FormStorage.php:1720)
I2CE_FormStorage->save
call_user_func_array (/var/lib/iHRIS/dev/4.3.3/i2ce/lib/I2CE_Fuzzy.php:60)
I2CE_Fuzzy->__call (/var/lib/iHRIS/dev/sites/Uganda-community-health-worker-registry-demo/mapDHIS2toiHRIS.php:90)
iHRIS_Facility->save (/var/lib/iHRIS/dev/sites/Uganda-community-health-worker-registry-demo/mapDHIS2toiHRIS.php:90):[0m
	[32mFast Populate Query:INSERT INTO `chwrdemo`.`hippo_facility`(id,parent,`last_modified`,created,`i2ce_hidden`,`remap`,`location`,`name`,`code`,`csd_uuid`,`dhis_orgunit`,`facility_type`,`latitude`,`longitude`) (SELECT  concat('facility|',id) as id, parent , IFNULL(`last_modified`,'1900-01-01 00:00:00') as `last_modified`, IFNULL(`created`,'0000-00-00 00:00:00') as `created`, IFNULL(`i2ce_hidden`, ?) as `i2ce_hidden`,IFNULL(`remap`, ?) as `remap`,IFNULL(`location`, ?) as `location`,IFNULL(`name`, ?) as `name`,IFNULL(`code`, ?) as `code`,IFNULL(`csd_uuid`, ?) as `csd_uuid`,IFNULL(`dhis_orgunit`, ?) as `dhis_orgunit`,IFNULL(`facility_type`, ?) as `facility_type`,IFNULL(`latitude`, ?) as `latitude`,IFNULL(`longitude`, ?) as `longitude` FROM (SELECT c.name as `id`,`joined_created`.value as `created`,`joined_i2ce_hidden`.value as `i2ce_hidden`,`joined_remap`.value as `remap`,`joined_location`.value as `location`,`joined_name`.value as `name`,`joined_code`.value as `code`,`joined_csd_uuid`.value as `csd_uuid`,`joined_dhis_orgunit`.value as `dhis_orgunit`,`joined_facility_type`.value as `facility_type`,`joined_latitude`.value as `latitude`,`joined_longitude`.value as `longitude`,`joined_parent`.value as `parent`,modified.value AS `last_modified` FROM config_alt c LEFT JOIN config_alt `joined_created` ON `joined_created`.parent= CONCAT(c.parent, '/' , c.name , '/fields')  AND `joined_created`.name = 'created' LEFT JOIN config_alt `joined_i2ce_hidden` ON `joined_i2ce_hidden`.parent= CONCAT(c.parent, '/' , c.name , '/fields')  AND `joined_i2ce_hidden`.name = 'i2ce_hidden' LEFT JOIN config_alt `joined_remap` ON `joined_remap`.parent= CONCAT(c.parent, '/' , c.name , '/fields')  AND `joined_remap`.name = 'remap' LEFT JOIN config_alt `joined_location` ON `joined_location`.parent= CONCAT(c.parent, '/' , c.name , '/fields')  AND `joined_location`.name = 'location' LEFT JOIN config_alt `joined_name` ON `joined_name`.parent= CONCAT(c.parent, '/' , c.name , '/fields')  AND `joined_name`.name = 'name' LEFT JOIN config_alt `joined_code` ON `joined_code`.parent= CONCAT(c.parent, '/' , c.name , '/fields')  AND `joined_code`.name = 'code' LEFT JOIN config_alt `joined_csd_uuid` ON `joined_csd_uuid`.parent= CONCAT(c.parent, '/' , c.name , '/fields')  AND `joined_csd_uuid`.name = 'csd_uuid' LEFT JOIN config_alt `joined_dhis_orgunit` ON `joined_dhis_orgunit`.parent= CONCAT(c.parent, '/' , c.name , '/fields')  AND `joined_dhis_orgunit`.name = 'dhis_orgunit' LEFT JOIN config_alt `joined_facility_type` ON `joined_facility_type`.parent= CONCAT(c.parent, '/' , c.name , '/fields')  AND `joined_facility_type`.name = 'facility_type' LEFT JOIN config_alt `joined_latitude` ON `joined_latitude`.parent= CONCAT(c.parent, '/' , c.name , '/fields')  AND `joined_latitude`.name = 'latitude' LEFT JOIN config_alt `joined_longitude` ON `joined_longitude`.parent= CONCAT(c.parent, '/' , c.name , '/fields')  AND `joined_longitude`.name = 'longitude' LEFT JOIN config_alt `joined_parent` ON `joined_parent`.parent = CONCAT(c.parent,'/',c.name) and `joined_parent`.name = 'parent' LEFT JOIN config_alt modified ON modified.parent = CONCAT(c.parent ,'/',c.name) AND modified.name = 'last_modified'  WHERE (c.parent = '/I2CE/formsData/forms/facility' AND c.name = '8' AND (modified.value IS NULL  OR STR_TO_DATE(modified.value,'%Y-%m-%d %H:%i:%s') > STR_TO_DATE('1970-01-01 03:00:00','%Y-%m-%d %H:%i:%s')))) AS cached_table WHERE cached_table.id = '8') ON DUPLICATE KEY UPDATE `i2ce_hidden`=values(`i2ce_hidden`),`remap`=values(`remap`),`location`=values(`location`),`name`=values(`name`),`code`=values(`code`),`csd_uuid`=values(`csd_uuid`),`dhis_orgunit`=values(`dhis_orgunit`),`facility_type`=values(`facility_type`),`latitude`=values(`latitude`),`longitude`=values(`longitude`),`id`=values(`id`),`parent`=values(`parent`),`last_modified`=values(`last_modified`)
	[0m
[34mI2CE: I2CE->raiseError (/var/lib/iHRIS/dev/4.3.3/i2ce/modules/Forms/modules/CachedForms/lib/I2CE_CachedForm.php:531)
I2CE_CachedForm->fastPopulate (/var/lib/iHRIS/dev/4.3.3/i2ce/modules/Forms/modules/CachedForms/lib/I2CE_CachedForm.php:395)
I2CE_CachedForm->updateCachedTable (/var/lib/iHRIS/dev/4.3.3/i2ce/modules/Forms/modules/CachedForms/lib/I2CE_Module_CachedForms.php:126)
I2CE_Module_CachedForms->markFormDirty_hook
call_user_func_array (/var/lib/iHRIS/dev/4.3.3/i2ce/lib/I2CE_ModuleFactory.php:784)
I2CE_ModuleFactory->callHooks (/var/lib/iHRIS/dev/4.3.3/i2ce/modules/Forms/modules/FormStorage/lib/I2CE_FormStorage.php:1755)
I2CE_FormStorage->_save (/var/lib/iHRIS/dev/4.3.3/i2ce/modules/Forms/modules/FormStorage/lib/I2CE_FormStorage.php:1720)
I2CE_FormStorage->save
call_user_func_array (/var/lib/iHRIS/dev/4.3.3/i2ce/lib/I2CE_Fuzzy.php:60)
I2CE_Fuzzy->__call (/var/lib/iHRIS/dev/sites/Uganda-community-health-worker-registry-demo/mapDHIS2toiHRIS.php:90)
iHRIS_Facility->save (/var/lib/iHRIS/dev/sites/Uganda-community-health-worker-registry-demo/mapDHIS2toiHRIS.php:90):[0m
	[32mUpdated 1 records for facility (8)[0m
